[Licensing::Module] Trying to connect to existing licensing client channel...
Built from '6000.5/staging' branch; Version is '6000.5.3f1 (c2eb47b3a2a9) revision 12774215'; Using compiler version '194234433'; Build Type 'Release'
[Licensing::IpcConnector] Successfully connected to: "LicenseClient-marke" at "2026-07-17T12:55:31.462905Z"
OS: 'Windows 11  (10.0.26200) CoreSingleLanguage' Language: 'en' Physical Memory: 16160 MB
BatchMode: 0, IsHumanControllingUs: 1, StartBugReporterOnCrash: 1, Is64bit: 1
System  architecture: x64
Process architecture: x64
Date: 2026-07-17T12:55:31Z

COMMAND LINE ARGUMENTS:
C:\Program Files\Unity\Hub\Editor\6000.5.3f1\Editor\Unity.exe
-projectpath
D:\Assets
-acceptSoftwareTermsForThisRunOnly
-useHub
-hubIPC
-cloudEnvironment
production
-licensingIpc
LicenseClient-marke
-hubSessionId
40c1ec6d-4e2a-4ea4-8f9d-c1507227e64f
-accessToken
SJRbuOupx8JanMvqhfRun7K7msOAb0vFuhGUZgnd6FQ011f
Successfully changed project path to: D:\Assets
D:/Assets
[UnityMemory] Configuration Parameters - Can be set up in boot.config
    "memorysetup-temp-allocator-size-gi-baking-worker=262144"
    "memorysetup-temp-allocator-size-gi-baking-worker=262144"
    "memorysetup-temp-allocator-size-gi-baking-worker=262144"
    "memorysetup-temp-allocator-size-gi-baking-worker=262144"
    "memorysetup-temp-allocator-size-gi-baking-worker=262144"
    "memorysetup-temp-allocator-size-nav-mesh-worker=65536"
    "memorysetup-temp-allocator-size-audio-worker=65536"
    "memorysetup-temp-allocator-size-cloud-worker=32768"
    "memorysetup-temp-allocator-size-gfx=262144"
    "memorysetup-temp-allocator-size-preload-manager=33554432"
    "memorysetup-allocator-temp-initial-block-size-main=262144"
    "memorysetup-allocator-temp-initial-block-size-worker=262144"
    "memorysetup-temp-allocator-size-job-worker=262144"
    "memorysetup-temp-allocator-size-background-worker=32768"
    "memorysetup-bucket-allocator-granularity=16"
    "memorysetup-bucket-allocator-bucket-count=8"
    "memorysetup-bucket-allocator-block-size=33554432"
    "memorysetup-bucket-allocator-block-count=8"
    "memorysetup-main-allocator-block-size=16777216"
    "memorysetup-thread-allocator-block-size=16777216"
    "memorysetup-main-allocator-mimalloc-enabled=0"
    "memorysetup-gfx-main-allocator-block-size=16777216"
    "memorysetup-gfx-thread-allocator-block-size=16777216"
    "memorysetup-cache-allocator-block-size=4194304"
    "memorysetup-typetree-allocator-block-size=2097152"
    "memorysetup-profiler-bucket-allocator-granularity=16"
    "memorysetup-profiler-bucket-allocator-bucket-count=8"
    "memorysetup-profiler-bucket-allocator-block-size=33554432"
    "memorysetup-profiler-bucket-allocator-block-count=8"
    "memorysetup-profiler-allocator-block-size=16777216"
    "memorysetup-profiler-editor-allocator-block-size=1048576"
    "memorysetup-temp-allocator-size-main=16777216"
    "memorysetup-job-temp-allocator-block-size=2097152"
    "memorysetup-job-temp-allocator-block-size-background=1048576"
    "memorysetup-job-temp-allocator-reduction-small-platforms=262144"
Player connection [12380]  Target information:

Player connection [12380]  * "[IP] 192.168.1.4 [Port] 55504 [Flags] 2 [Guid] 3996575257 [EditorId] 3996575257 [Version] 1048832 [Id] WindowsEditor(7,Martin) [Debug] 1 [PackageName] WindowsEditor [ProjectName] Editor" 

Player connection [12380] Host joined multi-casting on [225.0.0.222:54997]...
Player connection [12380] Host joined alternative multi-casting on [225.0.0.222:34997]...
Input System module state changed to: Initialized.
[Physics::Module] Initialized fallback backend.
[Physics::Module] Id: 0xdecafbad
[Package Manager] Connected to IPC stream "Upm-25712" after 0.2 seconds.
[Licensing::Module] Licensing is not yet initialized.
[Licensing::Client] Error: HandshakeResponse reported an error:
	ResponseCode: 505
	ResponseStatus: Unsupported protocol version '1.18.1'.
[Licensing::Module] Error: Failed to handshake to channel: "LicenseClient-marke"
[Licensing::IpcConnector] LicenseClient-marke channel disconnected successfully.
[Licensing::IpcConnector] Channel LicenseClient-marke-6000.5.3 doesn't exist
[Licensing::Module] Successfully launched the LicensingClient (PId: 23832)
Starting IPC server.
Waiting for clients to connect on \\.\pipe\Unity-LicenseClient-marke-6000.5.3, press Ctrl-C to exit.
[Licensing::IpcConnector] Successfully connected to: "LicenseClient-marke-6000.5.3" at "2026-07-17T12:55:39.2979991Z"
[Licensing::Client] Code 10 while verifying Licensing Client signature (process Id: 23832, path: "C:/Program Files/Unity/Hub/Editor/6000.5.3f1/Editor/Data/Resources/Licensing/Client/Unity.Licensing.Client.exe")
[Licensing::Module] LicensingClient has failed validation; ignoring
[Licensing::Client] Handshaking with LicensingClient:
  Version:                 1.18.1+9fbee8e
  Session Id:              25b993a43dfa45438a11dc71d72d6bee
  Correlation Id:          c10d70642d8c1f070d482a515753a1ef
  External correlation Id: 2400062689348290489
  Machine Id:              T+uDfq/VvOzJNclZh7s/fZ6wxvY=
[Licensing::Module] Successfully connected to LicensingClient on channel: "LicenseClient-marke-6000.5.3" (connect: 4.37s, validation: 0.38s, handshake: 0.02s)
[Licensing::IpcConnector] Successfully connected to: "LicenseClient-marke-6000.5.3-notifications" at "2026-07-17T12:55:39.6965993Z"
[Licensing::Module] Connected to LicensingClient (PId: 23832, launch time: 0.01, total connection time: 4.77s)
[Licensing::Client] Successfully updated the access token
[Licensing::Module] Successfully updated the access token SJRbuOupx8...
[Licensing::Client] Successfully resolved entitlement details
[Licensing::Module] License group:
  Id: 18968464990387-UnityPersXXXX
  Product: Unity Personal
  Type: Assigned
  Expiration: Unlimited
[Licensing::Client] Successfully updated license, isAsync: True, time: 0.01
[Licensing::Client] Successfully resolved entitlement details
[Licensing::Module] Licensing Background thread has ended after 8.28s
[Licensing::Module] Licensing is initialized (took 6.27s).
[Licensing::Client] Successfully resolved entitlement details
Library Redirect Path: Library/
Default GameObject Tag: Player already registered
YAML error in 'ProjectSettings/ProjectSettings.asset' - Unexpected scalar when reading mapping.
[Physics::Module] Selected backend.
[Physics::Module] Name: PhysX
[Physics::Module] Id: 0xf2b8ea05
[Physics::Module] SDK Version: 4.1.2
[Physics::Module] Integration Version: 1.0.0
[Physics::Module] Threading Mode: Multi-Threaded
Artifact Garbage Collection - Removed 251 unused hashed content files
Initialize engine version: 6000.5.3f1 (c2eb47b3a2a9)
[Subsystems] Discovering subsystems at path C:/Program Files/Unity/Hub/Editor/6000.5.3f1/Editor/Data/Resources/UnitySubsystems
[Subsystems] Discovering subsystems at path D:/Assets/Assets
[D3D12 Device Filter] Vendor Name: Intel
[D3D12 Device Filter] Device Name: Intel(R) UHD Graphics
[D3D12 Device Filter] Driver Version: 30.0.101.1994
[D3D12 Device Filter] Feature Level: 12.1
[D3D12 Device Filter] Graphics Memory: 8080 MB
[D3D12 Device Filter] Processor Count: 8
[D3D12 Device Filter] Device Type: Integrated
[D3D12 Device Filter] D3D12 API denied by user filter: {"Vendor": "Intel", "Device Type:": Integrated}
GfxDevice: creating device client; kGfxThreadingModeThreaded
Direct3D:
    Version:  Direct3D 11.0 [level 11.1]
    Renderer: Intel(R) UHD Graphics (ID=0x9bc4)
    Vendor:   Intel
    VRAM:     8080 MB
    Driver:   30.0.101.1994
Initialize mono
Mono path[0] = 'C:/Program Files/Unity/Hub/Editor/6000.5.3f1/Editor/Data/Managed'
Mono path[1] = 'C:/Program Files/Unity/Hub/Editor/6000.5.3f1/Editor/Data/BCLExtensions/runtime/netstandard2.1'
Mono path[2] = 'C:/Program Files/Unity/Hub/Editor/6000.5.3f1/Editor/Data/MonoBleedingEdge/lib/mono/unityjit-win32'
Mono config path = 'C:/Program Files/Unity/Hub/Editor/6000.5.3f1/Editor/Data/MonoBleedingEdge/etc'
Using monoOptions --debugger-agent=transport=dt_socket,embedding=1,server=y,suspend=n,address=127.0.0.1:56712
CodeReloadManager initialized
ImportWorker Server TCP listen port: 0
AcceleratorClientConnectionCallback - disconnected - :0
Begin MonoManager ReloadAssembly
Registering precompiled unity dll's ...
Register platform support module: C:/Program Files/Unity/Hub/Editor/6000.5.3f1/Editor/Data/PlaybackEngines/WindowsStandaloneSupport/UnityEditor.WindowsStandalone.Extensions.dll
Registered in 0.410822 seconds.
Native extension for WindowsStandalone target not found
Package Manager log level set to [2]
ScheduleIndexationOnStartup MainProcess:False IndexOnStartup:True
Mono: successfully reloaded assembly
- Finished resetting the current domain, in  0.669 seconds
Domain Reload Profiling: 4221ms
	BeginReloadAssembly (473ms)
		CreateAndSetChildDomain (14ms)
	RebuildCommonClasses (9ms)
	RebuildNativeTypeToScriptingClass (357ms)
	initialDomainReloadingComplete (687ms)
	LoadAllAssembliesAndSetupDomain (2012ms)
		LoadAssemblies (451ms)
		AnalyzeDomain (1908ms)
			TypeCache.Refresh (1906ms)
				TypeCache.ScanAssembly (1536ms)
	FinalizeReload (684ms)
		SetupLoadedEditorAssemblies (0ms)
			InitializePlatformSupportModulesInManaged (3ms)
			BeforeProcessingInitializeOnLoad (119ms)
			ProcessInitializeOnLoadAttributes (200ms)
			ProcessInitializeOnLoadMethodAttributes (256ms)
[Licensing::Client] Successfully resolved entitlement details
Application.AssetDatabase Initial Refresh Start
[Package Manager] Restoring resolved packages state from cache
[Licensing::Client] Successfully resolved entitlement details
[Package Manager] Registered 42 packages:
  Packages from [https://packages.unity.com]:
    com.unity.ide.visualstudio@2.0.27 (location: D:\Assets\Library\PackageCache\com.unity.ide.visualstudio@dc1ddd4f09b6)
    com.unity.ide.rider@3.0.40 (location: D:\Assets\Library\PackageCache\com.unity.ide.rider@e4950c6d131b)
    com.unity.editorcoroutines@1.1.0 (location: D:\Assets\Library\PackageCache\com.unity.editorcoroutines@87a15ed012c2)
    com.unity.performance.profile-analyzer@1.4.0 (location: D:\Assets\Library\PackageCache\com.unity.performance.profile-analyzer@2bb26871883c)
    com.unity.testtools.codecoverage@1.3.0 (location: D:\Assets\Library\PackageCache\com.unity.testtools.codecoverage@19a841221620)
    com.unity.settings-manager@2.1.1 (location: D:\Assets\Library\PackageCache\com.unity.settings-manager@0b8638c5ce86)
  Built-in packages:
    com.unity.feature.development@1.0.2 (location: D:\Assets\Library\PackageCache\com.unity.feature.development@767aadbc6eb7)
    com.unity.textmeshpro@5.0.0 (location: D:\Assets\Library\PackageCache\com.unity.textmeshpro@53f43edfd2e0)
    com.unity.ugui@2.5.0 (location: D:\Assets\Library\PackageCache\com.unity.ugui@377fd60ad87b)
    com.unity.modules.ai@1.0.0 (location: D:\Assets\Library\PackageCache\com.unity.modules.ai)
    com.unity.modules.androidjni@1.0.0 (location: D:\Assets\Library\PackageCache\com.unity.modules.androidjni)
    com.unity.modules.animation@1.0.0 (location: D:\Assets\Library\PackageCache\com.unity.modules.animation)
    com.unity.modules.assetbundle@1.0.0 (location: D:\Assets\Library\PackageCache\com.unity.modules.assetbundle)
    com.unity.modules.audio@1.0.0 (location: D:\Assets\Library\PackageCache\com.unity.modules.audio)
    com.unity.modules.imageconversion@1.0.0 (location: D:\Assets\Library\PackageCache\com.unity.modules.imageconversion)
    com.unity.modules.imgui@1.0.0 (location: D:\Assets\Library\PackageCache\com.unity.modules.imgui)
    com.unity.modules.jsonserialize@1.0.0 (location: D:\Assets\Library\PackageCache\com.unity.modules.jsonserialize)
    com.unity.modules.particlesystem@1.0.0 (location: D:\Assets\Library\PackageCache\com.unity.modules.particlesystem)
    com.unity.modules.physics@1.0.0 (location: D:\Assets\Library\PackageCache\com.unity.modules.physics)
    com.unity.modules.physics2d@1.0.0 (location: D:\Assets\Library\PackageCache\com.unity.modules.physics2d)
    com.unity.modules.screencapture@1.0.0 (location: D:\Assets\Library\PackageCache\com.unity.modules.screencapture)
    com.unity.modules.terrain@1.0.0 (location: D:\Assets\Library\PackageCache\com.unity.modules.terrain)
    com.unity.modules.terrainphysics@1.0.0 (location: D:\Assets\Library\PackageCache\com.unity.modules.terrainphysics)
    com.unity.modules.tilemap@1.0.0 (location: D:\Assets\Library\PackageCache\com.unity.modules.tilemap)
    com.unity.modules.ui@1.0.0 (location: D:\Assets\Library\PackageCache\com.unity.modules.ui)
    com.unity.modules.uielements@1.0.0 (location: D:\Assets\Library\PackageCache\com.unity.modules.uielements)
    com.unity.modules.umbra@1.0.0 (location: D:\Assets\Library\PackageCache\com.unity.modules.umbra)
    com.unity.modules.unityanalytics@1.0.0 (location: D:\Assets\Library\PackageCache\com.unity.modules.unityanalytics)
    com.unity.modules.unitywebrequest@1.0.0 (location: D:\Assets\Library\PackageCache\com.unity.modules.unitywebrequest)
    com.unity.modules.unitywebrequestassetbundle@1.0.0 (location: D:\Assets\Library\PackageCache\com.unity.modules.unitywebrequestassetbundle)
    com.unity.modules.unitywebrequestaudio@1.0.0 (location: D:\Assets\Library\PackageCache\com.unity.modules.unitywebrequestaudio)
    com.unity.modules.unitywebrequesttexture@1.0.0 (location: D:\Assets\Library\PackageCache\com.unity.modules.unitywebrequesttexture)
    com.unity.modules.unitywebrequestwww@1.0.0 (location: D:\Assets\Library\PackageCache\com.unity.modules.unitywebrequestwww)
    com.unity.modules.vehicles@1.0.0 (location: D:\Assets\Library\PackageCache\com.unity.modules.vehicles)
    com.unity.modules.video@1.0.0 (location: D:\Assets\Library\PackageCache\com.unity.modules.video)
    com.unity.modules.wind@1.0.0 (location: D:\Assets\Library\PackageCache\com.unity.modules.wind)
    com.unity.modules.xr@1.0.0 (location: D:\Assets\Library\PackageCache\com.unity.modules.xr)
    com.unity.modules.subsystems@1.0.0 (location: D:\Assets\Library\PackageCache\com.unity.modules.subsystems)
    com.unity.modules.hierarchycore@1.0.0 (location: D:\Assets\Library\PackageCache\com.unity.modules.hierarchycore)
    com.unity.modules.physicscore2d@1.0.0 (location: D:\Assets\Library\PackageCache\com.unity.modules.physicscore2d)
    com.unity.test-framework@1.7.0 (location: D:\Assets\Library\PackageCache\com.unity.test-framework@1405238725ab)
    com.unity.ext.nunit@2.1.0 (location: D:\Assets\Library\PackageCache\com.unity.ext.nunit@44f7d31723bd)
[Package Manager] com.unity.textmeshpro is deprecated: This package is no longer supported. TextMeshPro functionalities are now included in the com.unity.ugui package. To continue using them, consider adding it to your project dependencies.
[Subsystems] No new subsystems found in resolved package list.
[Package Manager] Done registering packages in 0.03 seconds
info: Microsoft.Hosting.Lifetime[14]
      Now listening on: http://localhost:80
info: Microsoft.Hosting.Lifetime[0]
      Application started. Press Ctrl+C to shut down.
info: Microsoft.Hosting.Lifetime[0]
      Hosting environment: Production
info: Microsoft.Hosting.Lifetime[0]
      Content root path: D:\Assets
info: Microsoft.AspNetCore.Hosting.Diagnostics[1]
      Request starting HTTP/2 POST http://ilpp/UnityILPP.PostProcessing/Ping - application/grpc -
info: Microsoft.AspNetCore.Routing.EndpointMiddleware[0]
      Executing endpoint 'gRPC - /UnityILPP.PostProcessing/Ping'
info: Microsoft.AspNetCore.Routing.EndpointMiddleware[1]
      Executed endpoint 'gRPC - /UnityILPP.PostProcessing/Ping'
info: Microsoft.AspNetCore.Hosting.Diagnostics[2]
      Request finished HTTP/2 POST http://ilpp/UnityILPP.PostProcessing/Ping - 200 - application/grpc 40.2849ms
Starting: C:\Program Files\Unity\Hub\Editor\6000.5.3f1\Editor\Data\Tools\BuildPipeline\bee_backend.exe --ipc --defer-dag-verification --dagfile="Library/Bee/1900b0aE.dag" --continue-on-failure --profile="Library/Bee/backend1.traceevents" ScriptAssemblies
WorkingDir: D:/Assets
ExitCode: 0 Duration: 0s851ms
*** Tundra build success (0.72 seconds), 0 items updated, 303 evaluated
AssetDatabase: script compilation time: 2.257692s
Begin MonoManager ReloadAssembly
Native extension for WindowsStandalone target not found
ScheduleIndexationOnStartup MainProcess:True IndexOnStartup:True
Mono: successfully reloaded assembly
- Finished resetting the current domain, in  0.692 seconds
Domain Reload Profiling: 3314ms
	BeginReloadAssembly (428ms)
		DisableScriptedObjects (32ms)
		CreateAndSetChildDomain (175ms)
	RebuildCommonClasses (11ms)
	RebuildNativeTypeToScriptingClass (32ms)
	initialDomainReloadingComplete (113ms)
	LoadAllAssembliesAndSetupDomain (2034ms)
		LoadAssemblies (1877ms)
		AnalyzeDomain (179ms)
			TypeCache.Refresh (161ms)
				TypeCache.ScanAssembly (154ms)
			BuildScriptInfoCaches (13ms)
	FinalizeReload (695ms)
		SetupLoadedEditorAssemblies (0ms)
			BeforeProcessingInitializeOnLoad (127ms)
			ProcessInitializeOnLoadAttributes (237ms)
			ProcessInitializeOnLoadMethodAttributes (105ms)
			AfterProcessingInitializeOnLoad (11ms)
		AwakeInstancesAfterBackupRestoration (31ms)
Importing 'GUID: 05375cd347bd91747b81d779509396f2 - Path: Assets/_Project/Scenes/MainScene.unity' with importer (DefaultImporter)
Imported 'GUID: 05375cd347bd91747b81d779509396f2' -> (Import Result ID: '1dd77a25a53e69015a873439f2ebbfd0') in 0.022 seconds [static dependencies only]. Details - ImportResultOutputID=e00c1ec5de0d1c21d1555d6d1fdb2bc1 DependenciesID=fd55236729637bff84b3021df1883d97 StaticDependenciesID=d3bd7dd16c7e661f7ff72ee90a7424a1 
Starting new worker id: 0 with log in D:/Assets/Logs/AssetImportWorkerHW0.log

Asset Pipeline Refresh (id=d79bf240ba793da4ea37e64a5788dd62): Total: 8.290 seconds - Initiated by InitialRefreshV2(ForceSynchronousImport)
	(Values over 0.05ms)
	Summary:
		Imports: total=1 (actual=1, local cache=0, cache server=0)
		Asset DB Process Time: managed=1 ms, native=3005 ms
		Asset DB Callback time: managed=231 ms, native=66 ms
		Scripting: domain reloads=1, domain reload time=2683 ms, compile time=2261 ms, other=39 ms
		Project Asset Count: scripts=408, non-scripts=1006
		Asset File Changes: new=0, changed=1, moved=0, deleted=0
		Scan Filter Count: 0
	InvokePackagesCallback: 63.237ms
	ApplyChangesToAssetFolders: 0.702ms
	Scan: 52.332ms
	Collect global state as custom dependencies: 0.678ms
	OnSourceAssetsModified: 0.994ms
	CategorizeScriptCompilationAssets: 572.756ms
	ProcessAssetsWithTransientArtifactChanges: 17.025ms
	CategorizeAssets: 13.912ms
	CompileScripts: 2261.338ms
	ImportOutOfDateAssets: 750.139ms (699.216ms without children)
		ImportManagerImport: 24.068ms (1.272ms without children)
		UnloadImportedAssets: 0.140ms
		EnsureUptoDateAssetsAreRegisteredWithGuidPM: 0.265ms
		ImportSchedulerStart: 26.446ms
	PostProcessAllAssets: 233.189ms
		VCAutoAddAssetPostprocess 2.204ms
		MonoPostProcessAllAssets: 230.413ms
			SyncVS.PostprocessSyncProject 81.091ms
			StyleCatalogPostProcessor.OnPostprocessAllAssets 54.479ms
			AssetPostprocessor.OnPostprocessAllAssets 42.943ms
			BuilderAssetPostprocessor.OnPostprocessAllAssets 11.629ms
			WindowAssetPostprocessingWatcher.OnPostprocessAllAssets 10.396ms
			AssetChangedListener.OnPostprocessAllAssets 10.134ms
			RetainedModeAssetPostprocessor.OnPostprocessAllAssets 1.798ms
			SpeedTree9Postprocessor.OnPostprocessAllAssets 1.070ms
			EditModeScopePostprocessor.OnPostprocessAllAssets 1.053ms
			ArtifactBrowserPostProcessor.OnPostprocessAllAssets 0.844ms
			TextAssetPostProcessor.OnPostprocessAllAssets 0.707ms
			TMPro_TexturePostProcessor.OnPostprocessAllAssets 0.625ms
			AudioMixerPostprocessor.OnPostprocessAllAssets 0.445ms
			ReferencedClipsPostProcessor.OnPostprocessAllAssets 0.379ms
			AssetEvents.OnPostprocessAllAssets 0.312ms
			TerrainToolbarOverlayPostProcessor.OnPostprocessAllAssets 0.276ms
			ConfigAssetsTracker.OnPostprocessAllAssets 0.237ms
			ScenarioDriftAssetsTracker.OnPostprocessAllAssets 0.225ms
			SpeedTreePostProcessor.OnPostprocessAllAssets 0.191ms
			AssetDatabaseCallbacks.OnPostprocessAllAssets 0.180ms
			RenderPipelineGlobalSettingsPostprocessor.OnPostprocessAllAssets 0.161ms
			AudioContainerPostProcessor.OnPostprocessAllAssets 0.147ms
	PostAssetChangesProfiler: 3.735ms
	UnloadStreamsBegin: 2.424ms
	PersistCurrentRevisions: 0.127ms
	GenerateScriptTypeHashes: 2.076ms
	GenerateScriptTypeSerializationHashes: 5.759ms
	Untracked: 4260.667ms

Application.AssetDatabase Initial Refresh End
Launched and connected shader compiler UnityShaderCompiler.exe after 0.17 seconds
Scanning for USB devices : 4.389ms
Initializing Unity extensions:
[MODES] ModeService[none].Initialize
[MODES] ModeService[none].LoadModes
[MODES] Loading mode Default (0) for mode-current-id-MetaEdu Campus
Unloading 2 Unused Serialized files (Serialized files now loaded: 0)
Loaded scene 'Assets/_Project/Scenes/campusyard.unity'
	Deserialize:            37.690 ms
	Integration:            810.684 ms
	Integration of assets:  0.655 ms
	Thread Wait Time:       -0.530 ms
	Total Operation Time:   848.499 ms
Unloading 1023 unused Assets / (1.1 MB). Loaded Objects now: 2166.
Memory consumption went from 238.3 MB to 237.2 MB.
Total: 12.164600 ms (FindLiveObjects: 0.448500 ms CreateObjectMapping: 0.418800 ms MarkObjects: 10.203200 ms  DeleteObjects: 0.916700 ms)

[LAYOUT] About to load UserSettings\Layouts\default-6000.dwlt, keepMainWindow=False
Worker ready: AssetImportWorkerHW0 0
[LAYOUT] About to save layout D:\Assets\UserSettings\Layouts\default-6000.dwlt
[LAYOUT] About to save layout C:/Users/marke/AppData/Roaming/Unity/Editor-5.x/Preferences\Layouts\current\default-6000.dwlt
[MODES] ModeService[default].InitializeCurrentMode
[MODES] ModeService[default].RaiseModeChanged(default, default)
This project uses Input Manager, which is marked for deprecation. To manage input in your project, use the <a href="https://docs.unity3d.com/Packages/com.unity.inputsystem@latest">Input System package</a> instead.
<RI> Initializing input.
<RI> Input initialized.
[Project] Loading completed in 40.198 seconds
	Project init time: 				37.540 seconds
		Template init time: 		0.000 seconds
		Package Manager init time: 		6.440 seconds
		Asset Database init time: 		2.409 seconds
		Global illumination init time: 	0.036 seconds
		Assemblies load time: 			15.784 seconds
		Unity extensions init time: 	0.003 seconds
		Asset Database refresh time: 	8.290 seconds
	Scene opening time: 			2.425 seconds
##utp:{"type":"ProjectInfo","version":2,"phase":"Immediate","time":1784292971635,"processId":25712,"projectLoad":40.1976675,"projectInit":37.5401396,"templateInit":0.0,"packageManagerInit":6.4395663,"assetDatabaseInit":2.4093384,"globalIlluminationInit":0.0362704,"assembliesLoad":15.7835921,"unityExtensionsInit":0.0034387,"assetDatabaseRefresh":8.2900816,"sceneOpening":2.4248965}
##utp:{"type":"EditorInfo","version":2,"phase":"Immediate","time":1784292971636,"processId":25712,"editorVersion":"6000.5.3f1 (c2eb47b3a2a9)","branch":"6000.5/staging","buildType":"Release","platform":"Windows"}
Asset Pipeline Refresh (id=ccc420a470827004ea84c28481362f5f): Total: 0.075 seconds - Initiated by RefreshV2(AllowForceSynchronousImport)
Dynamic Batching is deprecated and will be removed in a future release. Use GPU Instancing instead. Disable Dynamic Batching in Project Settings > Player > Other Settings to remove this warning.
UnityEngine.Debug:ExtractStackTraceNoAlloc (byte*,int,string)
UnityEngine.StackTraceUtility:ExtractStackTrace ()
UnityEngine.DebugLogHandler:Internal_Log (UnityEngine.LogType,UnityEngine.LogOption,string,UnityEngine.Object)
UnityEngine.DebugLogHandler:LogFormat (UnityEngine.LogType,UnityEngine.Object,string,object[])
UnityEngine.Logger:Log (UnityEngine.LogType,object)
UnityEngine.Debug:LogWarning (object)
UnityEditor.PlayerSettingsBatchingWarning:WarnIfDynamicBatchingEnabled ()
UnityEditor.EditorApplication:Internal_CallUpdateFunctions ()

Start Indexing on Editor startup
[Indexing] Starting Initial Indexing for Assets
Created GICache directory at C:/Users/marke/AppData/LocalLow/Unity/Caches/GiCache. Took: 0.049s, timestamps: [43.037 - 43.086]
[Licensing::Client] Successfully resolved entitlement details
[Licensing::Client] Successfully resolved entitlement details
[Licensing::Client] Successfully updated the access token
[Licensing::Module] Successfully updated access token: "SJRbuOup"... (expires: 2026-07-17T14:54:51Z)
Starting new worker id: 1 with log in D:/Assets/Logs/AssetImportWorkerHW1.log
[Worker0] Imported GUID: d0205798408c8c54ca9f72a4fea39320 - Path: Assets/_Project/Prefabs/Player.prefab - Importer: ScriptedImporter/UnityEditor.QuickSearchModule:UnityEditor.Search:ASIAI0B -> (ImportResultId: 'ff52d4fd3cee6992f3d415abd97419c3') in 0.2456617 seconds
[Worker0] Imported GUID: 05375cd347bd91747b81d779509396f2 - Path: Assets/_Project/Scenes/MainScene.unity - Importer: ScriptedImporter/UnityEditor.QuickSearchModule:UnityEditor.Search:ASIAI0B -> (ImportResultId: 'b7e0b8cda4f6735d36d0ebe54bd11fa2') in 0.0212314 seconds
[Worker0] Imported GUID: 2ef8d482972952a4bb1c26fcb314f8a2 - Path: Assets/_Project/Scripts/Player/FPSController.cs - Importer: ScriptedImporter/UnityEditor.QuickSearchModule:UnityEditor.Search:ASIAI0B -> (ImportResultId: 'ba544d866be0e63c4e4992df5e14fe22') in 0.0234688 seconds
[Worker0] Imported GUID: f5249a0743f9103438eeec0100e66acb - Path: Assets/_Project/Scenes/campusyard.unity - Importer: ScriptedImporter/UnityEditor.QuickSearchModule:UnityEditor.Search:ASIAI0B -> (ImportResultId: '5872f2199a1401d5bd725c1ad2279539') in 0.0128135 seconds
Worker ready: AssetImportWorkerHW1 1
TrimDiskCacheJob: Current cache size 118mb
Reloading assemblies for play mode.
Reloading assemblies after forced synchronous recompile.
[Licensing::Client] Successfully resolved entitlement details
Begin MonoManager ReloadAssembly
Native extension for WindowsStandalone target not found
ScheduleIndexationOnStartup MainProcess:True IndexOnStartup:True
[MODES] ModeService[none].Initialize
[MODES] ModeService[none].LoadModes
Mono: successfully reloaded assembly
- Finished resetting the current domain, in  1.568 seconds
Domain Reload Profiling: 2454ms
	BeginReloadAssembly (618ms)
		DisableScriptedObjects (176ms)
		CreateAndSetChildDomain (216ms)
	RebuildCommonClasses (14ms)
	RebuildNativeTypeToScriptingClass (22ms)
	initialDomainReloadingComplete (70ms)
	LoadAllAssembliesAndSetupDomain (160ms)
		LoadAssemblies (144ms)
		AnalyzeDomain (10ms)
			TypeCache.Refresh (5ms)
	FinalizeReload (1569ms)
		SetupLoadedEditorAssemblies (0ms)
			InitializePlatformSupportModulesInManaged (4ms)
			BeforeProcessingInitializeOnLoad (114ms)
			ProcessInitializeOnLoadAttributes (133ms)
			ProcessInitializeOnLoadMethodAttributes (118ms)
			AfterProcessingInitializeOnLoad (10ms)
		AwakeInstancesAfterBackupRestoration (734ms)
No restricted APIs configured; Validation skipped.
Checking 3 assemblies for restricted APIs found 0 usage(s) in 4 ms

Asset Pipeline Refresh (id=11d1330e4691ee84b8dc3833e7fa14d3): Total: 2.938 seconds - Initiated by StopAssetImportingV2(ForceSynchronousImport | ForceDomainReload)
	(Values over 0.05ms)
	Summary:
		Imports: total=0 (actual=0, local cache=0, cache server=0)
		Asset DB Process Time: managed=0 ms, native=1671 ms
		Asset DB Callback time: managed=252 ms, native=68 ms
		Scripting: domain reloads=1, domain reload time=941 ms, compile time=3 ms, other=0 ms
		Project Asset Count: scripts=408, non-scripts=1006
		Asset File Changes: new=0, changed=0, moved=0, deleted=0
		Scan Filter Count: 0
	InvokePackagesCallback: 2.517ms
	ApplyChangesToAssetFolders: 0.229ms
	Collect global state as custom dependencies: 0.113ms
	ProcessAssetsWithTransientArtifactChanges: 39.468ms
	CategorizeAssets: 8.976ms
	CompileScripts: 3.065ms
	ImportOutOfDateAssets: 1581.452ms (1572.592ms without children)
		CollectScriptTypesHashes: 0.390ms
		ReloadNativeAssets: 0.402ms
		UnloadImportedAssets: 1.966ms
		EnsureUptoDateAssetsAreRegisteredWithGuidPM: 0.260ms
		ImportSchedulerStart: 6.227ms
	PostProcessAllAssets: 313.204ms
		AssemblyValidation.PostprocessAllAssets 5.581ms
		RaytracingShaderImportPostprocess 3.824ms
		PostprocessAssetsUpdateCachedIcon 3.176ms
		PostProcessCallbackCreateDeferredMaterials 3.042ms
		ShaderAssetModifiedCallback 1.855ms
		ComputeShaderImportPostprocess 1.455ms
		SpeedTreeImporter.PostprocessAllAssets 1.091ms
		BlockShaderImporter.PostprocessAllAssets 0.700ms
		LocalizationDatabase.AssetDatabasePostprocessCallback 0.636ms
		MonoPostProcessAllAssets: 246.978ms
			SyncVS.PostprocessSyncProject 183.030ms
			AssetPostprocessor.OnPostprocessAllAssets 15.440ms
			BuilderAssetPostprocessor.OnPostprocessAllAssets 10.936ms
			WindowAssetPostprocessingWatcher.OnPostprocessAllAssets 9.782ms
			TextAssetPostProcessor.OnPostprocessAllAssets 4.448ms
			AssetChangedListener.OnPostprocessAllAssets 4.275ms
			RetainedModeAssetPostprocessor.OnPostprocessAllAssets 1.783ms
			SpeedTree9Postprocessor.OnPostprocessAllAssets 1.778ms
			ArtifactBrowserPostProcessor.OnPostprocessAllAssets 0.661ms
			AudioMixerPostprocessor.OnPostprocessAllAssets 0.424ms
			StyleCatalogPostProcessor.OnPostprocessAllAssets 0.410ms
			ReferencedClipsPostProcessor.OnPostprocessAllAssets 0.344ms
			AssetEvents.OnPostprocessAllAssets 0.311ms
			EditModeScopePostprocessor.OnPostprocessAllAssets 0.303ms
			TMPro_TexturePostProcessor.OnPostprocessAllAssets 0.293ms
			SpeedTreePostProcessor.OnPostprocessAllAssets 0.209ms
			TerrainToolbarOverlayPostProcessor.OnPostprocessAllAssets 0.169ms
			AssetDatabaseCallbacks.OnPostprocessAllAssets 0.168ms
			ConfigAssetsTracker.OnPostprocessAllAssets 0.151ms
			ScenarioDriftAssetsTracker.OnPostprocessAllAssets 0.139ms
			RenderPipelineGlobalSettingsPostprocessor.OnPostprocessAllAssets 0.117ms
			AudioContainerPostProcessor.OnPostprocessAllAssets 0.096ms
	PostAssetChangesProfiler: 7.639ms
	GatherAllCurrentPrimaryImportResultRevisions: 0.106ms
	UnloadStreamsBegin: 2.006ms
	PersistCurrentRevisions: 0.086ms
	GenerateScriptTypeHashes: 1.387ms
	GenerateScriptTypeSerializationHashes: 3.116ms
	Untracked: 971.342ms

Loaded scene 'Temp/__Backupscenes/0.backup'
	Deserialize:            4.364 ms
	Integration:            34.576 ms
	Integration of assets:  0.017 ms
	Thread Wait Time:       0.031 ms
	Total Operation Time:   38.988 ms
[Licensing::Client] Successfully resolved entitlement details
Pause Menu dibuka
UnityEngine.Debug:ExtractStackTraceNoAlloc (byte*,int,string)
UnityEngine.StackTraceUtility:ExtractStackTrace ()
UnityEngine.DebugLogHandler:Internal_Log (UnityEngine.LogType,UnityEngine.LogOption,string,UnityEngine.Object)
UnityEngine.DebugLogHandler:LogFormat (UnityEngine.LogType,UnityEngine.Object,string,object[])
UnityEngine.Logger:Log (UnityEngine.LogType,object)
UnityEngine.Debug:Log (object)
PauseMenu:OpenPauseMenu () (at Assets/_Project/Scripts/PauseMenu.cs:37)
PauseMenu:Update () (at Assets/_Project/Scripts/PauseMenu.cs:30)

(Filename: Assets/_Project/Scripts/PauseMenu.cs Line: 37)

Unloading 3 Unused Serialized files (Serialized files now loaded: 0)
Loaded scene 'Temp/__Backupscenes/0.backup'
	Deserialize:            6.054 ms
	Integration:            20.908 ms
	Integration of assets:  0.021 ms
	Thread Wait Time:       0.062 ms
	Total Operation Time:   27.044 ms
Unloading 855 unused Assets / (30.7 KB). Loaded Objects now: 3155.
Memory consumption went from 391.3 MB to 391.3 MB.
Total: 15.097400 ms (FindLiveObjects: 0.407200 ms CreateObjectMapping: 0.436200 ms MarkObjects: 13.917000 ms  DeleteObjects: 0.336000 ms)

Default GameObject Tag: Player already registered
[Licensing::Client] Successfully resolved entitlement details
Asset Pipeline Refresh (id=8fae7d5948d6437449ece11b1ca35ca2): Total: 0.012 seconds - Initiated by RefreshV2(AllowForceSynchronousImport)
Asset Pipeline Refresh (id=f4f31cea88c0c7d4fb72c1ba2a677ce3): Total: 0.005 seconds - Initiated by RefreshV2(AllowForceSynchronousImport)
MonoPathRemapper: Attempts to remap: 10433; Successful remaps: 2308
Serialized file version minimum: 23, current 23
[LAYOUT] About to save layout D:\Assets\UserSettings\Layouts\default-6000.dwlt
[LAYOUT] About to save layout C:/Users/marke/AppData/Roaming/Unity/Editor-5.x/Preferences\Layouts\current\default-6000.dwlt
[Physics::Module] Cleanup current backend.
[Physics::Module] Id: 0xf2b8ea05
Input System module state changed to: ShutdownInProgress.
Input Polling Thread exited.
Input System module state changed to: Shutdown.
[Licensing::IpcConnector] LicenseClient-marke-6000.5.3-notifications channel disconnected successfully.
[Licensing::IpcConnector] LicenseClient-marke-6000.5.3 channel disconnected successfully.
Shut down.
AcceleratorClientConnectionCallback - disconnected - :0
Cleanup mono
CodeReloadManager destroyed
abort_threads: Failed aborting id: 00000000000060D4, mono_thread_manage will ignore it

abort_threads: Failed aborting id: 00000000000060D4, mono_thread_manage will ignore it

debugger-agent: Unable to listen on 3320
Checking for leaked weakptr:
  Found no leaked weakptrs.
[Package Manager] Server process was shutdown
##utp:{"type":"MemoryLeaks","version":2,"phase":"Immediate","time":1784293460560,"processId":25712,"allocatedMemory":47698492,"memoryLabels":[{"Default":189932},{"Permanent":15516},{"NewDelete":66605},{"Thread":4197560},{"Manager":31141},{"VertexData":8},{"Geometry":816},{"Texture":24},{"Shader":845732},{"Material":24},{"GfxDevice":55328},{"Animation":952},{"Audio":1544},{"FreeType":8},{"FontEngine":736},{"Physics":2146},{"Physics2D":16},{"Serialization":95304},{"Input":42840},{"JobScheduler":256},{"TextLib":14806},{"Mono":48},{"ScriptingNativeRuntime":674964},{"BaseObject":1708154},{"Resource":1208},{"Renderer":3080},{"Transform":4685},{"File":4005},{"WebCam":616},{"Culling":32},{"Terrain":11442},{"Wind":24},{"STL":40},{"String":9638},{"StaticString":3808},{"Utility":2672858},{"Curl":48},{"PoolAlloc":2168},{"AI":80},{"TypeTree":14869},{"CodeReload":448},{"RuntimeInitializeOnLoadManager":64},{"Sprites":102},{"SpriteAtlas":120},{"GI":7816},{"Director":8296},{"CloudService":7240},{"WebRequest":9939},{"VR":47114},{"SceneManager":608},{"Video":208},{"LazyScriptCache":32},{"NativeArray":33041472},{"Camera":745},{"Secure":265},{"SerializationCache":1576},{"APIUpdating":10320},{"Subsystems":336},{"VirtualTexturing":57888},{"StaticSafetyDebugInfo":278528},{"Analytics":552},{"Hierarchy":1176},{"UIElements":629440},{"CoreStats":13688},{"Identifiers":6768},{"Gui":267517},{"EditorUtility":197018},{"VersionControl":8},{"Undo":931},{"AssetDatabase":2382853},{"AssetImporter":40},{"EditorGi":328},{"UnityConnect":35346},{"Upm":1988},{"UpmDiagnostics":8},{"AssetCompliance":64},{"DrivenProperties":72},{"LocalIPC":211},{"ProfilerEditor":9746},{"CoreBusinessMetrics":3480},{"Windowing":456},{"Licensing":664},{"AssetReference":32},{"IPCStream":32}]}
