[2026-07-18T17:23:32.377Z][INFO] Command-line: 'C:\\Program Files\\Unity\\Hub\\Editor\\6000.5.3f1\\Editor\\Data\\Resources\\PackageManager\\Server\\UnityPackageManager.exe' server -s 6236 --ipc-path Unity-Upm-6236 -l 2 --log-file D:\\Assets/Logs/upm.log
[2026-07-18T17:23:32.455Z][INFO] IPC server started (IPC path=Unity-Upm-6236).
[2026-07-18T17:23:32.456Z][INFO] Hint: To connect to this UPM instance, launch Unity with the command-line parameter -upmIpcPath Upm-6236.
[2026-07-18T17:24:00.113Z][INFO] project:list-packages <-- Request received
params: {}
[2026-07-18T17:24:00.346Z][INFO] project:list-packages <-- Request received
params: {}
[2026-07-18T17:24:00.390Z][INFO] config:project:get-registries <-- Request received
params: {}
[2026-07-18T17:24:03.398Z][INFO] config:project:get-registries --> 200 (3008 ms)
[2026-07-18T17:24:03.875Z][INFO] project:list-packages --> 200 (3762 ms)
[2026-07-18T17:24:04.003Z][INFO] project:list-packages --> 200 (3657 ms)
[2026-07-18T17:24:14.428Z][INFO] project:list-packages <-- Request received
params: {}
[2026-07-18T17:24:14.470Z][INFO] project:list-packages <-- Request received
params: {}
[2026-07-18T17:24:14.630Z][INFO] project:list-packages --> 200 (202 ms)
[2026-07-18T17:24:14.632Z][INFO] project:list-packages --> 200 (162 ms)
[2026-07-18T17:24:14.639Z][INFO] config:project:get-registries <-- Request received
params: {}
[2026-07-18T17:24:14.646Z][INFO] config:project:get-registries --> 200 (8 ms)
[2026-07-18T17:24:19.774Z][INFO] project:list-packages <-- Request received
params: {}
[2026-07-18T17:24:19.921Z][INFO] project:list-packages --> 200 (147 ms)
[2026-07-18T18:26:55.292Z][INFO] project:list-packages <-- Request received
params: {}
[2026-07-18T18:26:55.451Z][INFO] config:project:get-registries <-- Request received
params: {}
[2026-07-18T18:26:55.459Z][INFO] config:project:get-registries --> 200 (8 ms)
[2026-07-18T18:26:55.459Z][INFO] project:list-packages --> 200 (169 ms)
[2026-07-18T18:59:17.592Z][INFO] project:list-packages <-- Request received
params: {}
[2026-07-18T18:59:17.693Z][INFO] project:list-packages --> 200 (101 ms)
[2026-07-18T18:59:17.736Z][INFO] config:project:get-registries <-- Request received
params: {}
[2026-07-18T18:59:17.740Z][INFO] config:project:get-registries --> 200 (4 ms)
[2026-07-18T19:03:15.377Z][INFO] project:list-packages <-- Request received
params: {}
[2026-07-18T19:03:15.479Z][INFO] project:list-packages --> 200 (102 ms)
[2026-07-18T19:03:15.527Z][INFO] config:project:get-registries <-- Request received
params: {}
[2026-07-18T19:03:15.531Z][INFO] config:project:get-registries --> 200 (4 ms)
[2026-07-18T19:03:21.195Z][INFO] project:list-packages <-- Request received
params: {}
[2026-07-18T19:03:21.289Z][INFO] project:list-packages --> 200 (94 ms)
[2026-07-18T19:03:21.332Z][INFO] config:project:get-registries <-- Request received
params: {}
[2026-07-18T19:03:21.336Z][INFO] config:project:get-registries --> 200 (4 ms)
[2026-07-18T19:08:02.389Z][INFO] project:list-packages <-- Request received
params: {}
[2026-07-18T19:08:02.535Z][INFO] project:list-packages --> 200 (146 ms)
[2026-07-18T19:08:02.607Z][INFO] config:project:get-registries <-- Request received
params: {}
[2026-07-18T19:08:02.611Z][INFO] config:project:get-registries --> 200 (4 ms)
[2026-07-18T19:08:07.700Z][INFO] project:list-packages <-- Request received
params: {}
[2026-07-18T19:08:07.881Z][INFO] project:list-packages --> 200 (181 ms)
[2026-07-18T19:08:07.915Z][INFO] config:project:get-registries <-- Request received
params: {}
[2026-07-18T19:08:07.920Z][INFO] config:project:get-registries --> 200 (5 ms)
[2026-07-18T19:12:27.048Z][INFO] project:list-packages <-- Request received
params: {}
[2026-07-18T19:12:27.142Z][INFO] project:list-packages --> 200 (94 ms)
[2026-07-18T19:12:27.200Z][INFO] config:project:get-registries <-- Request received
params: {}
[2026-07-18T19:12:27.205Z][INFO] config:project:get-registries --> 200 (5 ms)
[2026-07-18T19:12:31.209Z][INFO] project:list-packages <-- Request received
params: {}
[2026-07-18T19:12:31.297Z][INFO] project:list-packages --> 200 (88 ms)
[2026-07-18T19:12:31.365Z][INFO] config:project:get-registries <-- Request received
params: {}
[2026-07-18T19:12:31.370Z][INFO] config:project:get-registries --> 200 (5 ms)
[2026-07-18T19:16:41.446Z][INFO] project:list-packages <-- Request received
params: {}
[2026-07-18T19:16:41.580Z][INFO] project:list-packages --> 200 (135 ms)
[2026-07-18T19:16:41.648Z][INFO] config:project:get-registries <-- Request received
params: {}
[2026-07-18T19:16:41.652Z][INFO] config:project:get-registries --> 200 (4 ms)
[2026-07-18T19:16:53.342Z][INFO] project:list-packages <-- Request received
params: {}
[2026-07-18T19:16:53.455Z][INFO] project:list-packages --> 200 (113 ms)
[2026-07-18T19:16:53.528Z][INFO] config:project:get-registries <-- Request received
params: {}
[2026-07-18T19:16:53.532Z][INFO] config:project:get-registries --> 200 (4 ms)
[2026-07-18T19:17:47.327Z][INFO] project:list-packages <-- Request received
params: {}
[2026-07-18T19:17:47.454Z][INFO] project:list-packages --> 200 (127 ms)
[2026-07-18T19:17:47.524Z][INFO] config:project:get-registries <-- Request received
params: {}
[2026-07-18T19:17:47.528Z][INFO] config:project:get-registries --> 200 (4 ms)
[2026-07-18T19:19:02.750Z][INFO] project:list-packages <-- Request received
params: {}
[2026-07-18T19:19:02.889Z][INFO] project:list-packages --> 200 (139 ms)
[2026-07-18T19:19:02.961Z][INFO] config:project:get-registries <-- Request received
params: {}
[2026-07-18T19:19:02.966Z][INFO] config:project:get-registries --> 200 (5 ms)
[2026-07-18T19:38:29.775Z][INFO] project:list-packages <-- Request received
params: {}
[2026-07-18T19:38:29.868Z][INFO] project:list-packages --> 200 (93 ms)
[2026-07-18T19:38:29.920Z][INFO] config:project:get-registries <-- Request received
params: {}
[2026-07-18T19:38:29.925Z][INFO] config:project:get-registries --> 200 (5 ms)
[2026-07-18T19:38:34.294Z][INFO] project:list-packages <-- Request received
params: {}
[2026-07-18T19:38:34.377Z][INFO] project:list-packages --> 200 (83 ms)
[2026-07-18T19:38:34.448Z][INFO] config:project:get-registries <-- Request received
params: {}
[2026-07-18T19:38:34.453Z][INFO] config:project:get-registries --> 200 (5 ms)
[2026-07-18T20:02:09.404Z][INFO] project:list-packages <-- Request received
params: {}
[2026-07-18T20:02:09.499Z][INFO] project:list-packages --> 200 (95 ms)
[2026-07-18T20:02:09.557Z][INFO] config:project:get-registries <-- Request received
params: {}
[2026-07-18T20:02:09.561Z][INFO] config:project:get-registries --> 200 (4 ms)
[2026-07-18T20:02:13.253Z][INFO] project:list-packages <-- Request received
params: {}
[2026-07-18T20:02:13.378Z][INFO] project:list-packages --> 200 (125 ms)
[2026-07-18T20:02:13.403Z][INFO] config:project:get-registries <-- Request received
params: {}
[2026-07-18T20:02:13.408Z][INFO] config:project:get-registries --> 200 (5 ms)
[2026-07-18T20:22:42.691Z][INFO] project:list-packages <-- Request received
params: {}
[2026-07-18T20:22:42.798Z][INFO] project:list-packages --> 200 (107 ms)
[2026-07-18T20:22:42.856Z][INFO] config:project:get-registries <-- Request received
params: {}
[2026-07-18T20:22:42.859Z][INFO] config:project:get-registries --> 200 (3 ms)
